10,20,A
10,21,aa
10,22,dd
11,10,bb
11,20,C
12,20,cc
